16:49:00  INFO  Age mean: 28.89
16:49:00  INFO  Sampler kwargs: {'inference_method': 'pymc', 'cores': 4}
16:49:00  INFO  Loaded 23962 rows | 6 pitch types
16:49:00  INFO  Minimum distinct seasons per pitcher: 3
16:49:00  INFO  Outcomes: ['mean_velo', 'mean_spin_rate', 'mean_pfx_x', 'mean_pfx_x_norm', 'mean_pfx_z']
16:49:00  INFO  Experiments: ['base', 'with_ext']

16:49:00  INFO  ==================================================  base
16:49:00  INFO  [1/60] base | FF | mean_velo | n=4857
16:52:45  INFO    Rhat diagnostic (quadratic): all params OK (≤1.01)
16:53:06  INFO    → peak=21.3 [19.2, 23.3] | sig | LOO=-6958.1 | Pareto-k>0.7: 4 (0.1%) | linear=N
16:53:06  WARNING    !! Pareto-k>0.7: 4 (0.1%) — base FF mean_velo
16:53:06  INFO  [2/60] base | FF | mean_spin_rate | n=4857
16:54:47  INFO    Rhat diagnostic (quadratic): all params OK (≤1.01)
16:55:09  INFO    → peak=30.0 [28.5, 31.5] | sig | LOO=-27379.3 | Pareto-k>0.7: 0 (0.0%) | linear=N
16:55:09  INFO  [3/60] base | FF | mean_pfx_x | n=4857
16:58:38  WARNING    Rhat diagnostic (quadratic): 2 params with Rhat>1.01
                  mean     sd  r_hat  ess_bulk
age_c           -0.007  0.003   1.02     158.0
1|pitcher_sigma  0.614  0.014   1.05     147.0
16:58:38  INFO    age_c_sq HDI spans zero [-0.0002, 0.0004] — trying linear
17:00:49  INFO    Rhat diagnostic (linear fallback): all params OK (≤1.01)
17:01:09  INFO    Quadratic retained (LOO diff=1.2 ≤ 4 threshold)
17:01:34  INFO    → monotonic | sig | LOO=2763.3 | Pareto-k>0.7: 16 (0.3%) | linear=N
17:01:34  WARNING    !! Pareto-k>0.7: 16 (0.3%) — base FF mean_pfx_x
17:01:34  INFO  [4/60] base | FF | mean_pfx_x_norm | n=4857
17:02:21  INFO    Screen: not significant — skipping full fit
17:02:21  INFO  [4/60] SKIP (screen: not sig) base FF mean_pfx_x_norm
17:02:21  INFO  [5/60] base | FF | mean_pfx_z | n=4857
17:05:57  INFO    Rhat diagnostic (quadratic): all params OK (≤1.01)
17:06:19  INFO    → peak=29.2 [21.0, 36.5] | sig | LOO=4539.6 | Pareto-k>0.7: 1 (0.0%) | linear=N
17:06:19  WARNING    !! Pareto-k>0.7: 1 (0.0%) — base FF mean_pfx_z
17:06:19  INFO  [6/60] base | SL | mean_velo | n=3196
17:08:02  INFO    Rhat diagnostic (quadratic): all params OK (≤1.01)
17:08:17  INFO    → peak=25.8 [23.4, 27.8] | sig | LOO=-5714.6 | Pareto-k>0.7: 0 (0.0%) | linear=N
17:08:17  INFO  [7/60] base | SL | mean_spin_rate | n=3196
17:11:07  WARNING    Rhat diagnostic (quadratic): 1 params with Rhat>1.01
        mean     sd  r_hat  ess_bulk
age_c  3.276  1.828   1.02     299.0
17:11:21  INFO    → peak=31.4 [28.6, 34.3] | sig | LOO=-19284.2 | Pareto-k>0.7: 1 (0.0%) | linear=N
17:11:21  WARNING    !! Pareto-k>0.7: 1 (0.0%) — base SL mean_spin_rate
17:11:21  INFO  [8/60] base | SL | mean_pfx_x | n=3196
17:14:06  WARNING    Rhat diagnostic (quadratic): 1 params with Rhat>1.01
        mean     sd  r_hat  ess_bulk
age_c -0.003  0.004   1.02     265.0
17:14:21  INFO    → monotonic | sig | LOO=1639.8 | Pareto-k>0.7: 20 (0.6%) | linear=N
17:14:21  WARNING    !! Pareto-k>0.7: 20 (0.6%) — base SL mean_pfx_x
17:14:21  INFO  [9/60] base | SL | mean_pfx_x_norm | n=3196
17:14:56  INFO    Screen: not significant — skipping full fit
17:14:56  INFO  [9/60] SKIP (screen: not sig) base SL mean_pfx_x_norm
17:14:56  INFO  [10/60] base | SL | mean_pfx_z | n=3196
17:16:40  INFO    Rhat diagnostic (quadratic): all params OK (≤1.01)
17:16:40  INFO    age_c_sq HDI spans zero [-0.0003, 0.0006] — trying linear
17:17:48  INFO    Rhat diagnostic (linear fallback): all params OK (≤1.01)
17:17:57  INFO    Linear preferred by LOO (lin=940.6 vs quad=936.6, diff=4.0)
17:18:12  INFO    → monotonic | sig | LOO=940.6 | Pareto-k>0.7: 0 (0.0%) | linear=Y
17:18:12  INFO  [11/60] base | SI | mean_velo | n=2898
17:20:02  INFO    Rhat diagnostic (quadratic): all params OK (≤1.01)
17:20:15  INFO    → peak=18.4 [15.1, 21.1] | sig | LOO=-4120.5 | Pareto-k>0.7: 2 (0.1%) | linear=N
17:20:15  WARNING    !! Pareto-k>0.7: 2 (0.1%) — base SI mean_velo
17:20:15  INFO  [12/60] base | SI | mean_spin_rate | n=2898
17:21:28  INFO    Rhat diagnostic (quadratic): all params OK (≤1.01)
17:21:41  INFO    → peak=30.1 [27.5, 32.7] | sig | LOO=-16263.8 | Pareto-k>0.7: 2 (0.1%) | linear=N
17:21:41  WARNING    !! Pareto-k>0.7: 2 (0.1%) — base SI mean_spin_rate
17:21:41  INFO  [13/60] base | SI | mean_pfx_x | n=2898
17:22:09  INFO    Screen: not significant — skipping full fit
17:22:09  INFO  [13/60] SKIP (screen: not sig) base SI mean_pfx_x
17:22:09  INFO  [14/60] base | SI | mean_pfx_x_norm | n=2898
17:22:44  INFO    Screen: not significant — skipping full fit
17:22:44  INFO  [14/60] SKIP (screen: not sig) base SI mean_pfx_x_norm
17:22:44  INFO  [15/60] base | SI | mean_pfx_z | n=2898
17:25:02  WARNING    Rhat diagnostic (quadratic): 1 params with Rhat>1.01
        mean     sd  r_hat  ess_bulk
age_c  0.001  0.003   1.02     247.0
17:25:15  INFO    → peak=29.3 [23.4, 34.9] | sig | LOO=1797.5 | Pareto-k>0.7: 2 (0.1%) | linear=N
17:25:15  WARNING    !! Pareto-k>0.7: 2 (0.1%) — base SI mean_pfx_z
17:25:15  INFO  [16/60] base | CH | mean_velo | n=2520
17:26:46  WARNING    Rhat diagnostic (quadratic): 3 params with Rhat>1.01
                  mean     sd  r_hat  ess_bulk
age_c           -0.084  0.043   1.05      57.0
1|pitcher_sigma  2.947  0.102   1.02     327.0
1|year_sigma     0.434  0.204   1.04      76.0
17:26:59  INFO    → peak=26.5 [24.1, 29.1] | sig | LOO=-4187.7 | Pareto-k>0.7: 3 (0.1%) | linear=N
17:26:59  WARNING    !! Pareto-k>0.7: 3 (0.1%) — base CH mean_velo
17:26:59  INFO  [17/60] base | CH | mean_spin_rate | n=2520
17:28:10  INFO    Rhat diagnostic (quadratic): all params OK (≤1.01)
17:28:22  INFO    → peak=25.8 [20.7, 28.9] | sig | LOO=-15161.5 | Pareto-k>0.7: 5 (0.2%) | linear=N
17:28:22  WARNING    !! Pareto-k>0.7: 5 (0.2%) — base CH mean_spin_rate
17:28:22  INFO  [18/60] base | CH | mean_pfx_x | n=2520
17:30:31  WARNING    Rhat diagnostic (quadratic): 2 params with Rhat>1.01
                  mean     sd  r_hat  ess_bulk
age_c           -0.012  0.005   1.05      82.0
1|pitcher_sigma  1.096  0.032   1.05      67.0
17:30:46  INFO    → monotonic | sig | LOO=1795.1 | Pareto-k>0.7: 21 (0.8%) | linear=N
17:30:46  WARNING    !! Pareto-k>0.7: 21 (0.8%) — base CH mean_pfx_x
17:30:46  INFO  [19/60] base | CH | mean_pfx_x_norm | n=2520
17:32:24  INFO    Rhat diagnostic (quadratic): all params OK (≤1.01)
17:32:36  INFO    → monotonic | sig | LOO=1627.5 | Pareto-k>0.7: 0 (0.0%) | linear=N
17:32:36  INFO  [20/60] base | CH | mean_pfx_z | n=2520
17:34:45  INFO    Rhat diagnostic (quadratic): all params OK (≤1.01)
17:34:56  INFO    → monotonic | sig | LOO=1211.9 | Pareto-k>0.7: 2 (0.1%) | linear=N
17:34:56  WARNING    !! Pareto-k>0.7: 2 (0.1%) — base CH mean_pfx_z
17:34:56  INFO  [21/60] base | CU | mean_velo | n=1726
17:35:59  WARNING    Rhat diagnostic (quadratic): 2 params with Rhat>1.01
               mean     sd  r_hat  ess_bulk
age_c        -0.076  0.044   1.03     143.0
1|year_sigma  0.389  0.184   1.02     181.0
17:36:07  INFO    → peak=26.6 [23.8, 29.1] | sig | LOO=-2990.2 | Pareto-k>0.7: 2 (0.1%) | linear=N
17:36:07  WARNING    !! Pareto-k>0.7: 2 (0.1%) — base CU mean_velo
17:36:07  INFO  [22/60] base | CU | mean_spin_rate | n=1726
17:37:04  WARNING    Rhat diagnostic (quadratic): 2 params with Rhat>1.01
                    mean     sd  r_hat  ess_bulk
age_c              4.356  2.819   1.02     252.0
1|pitcher_sigma  253.546  9.514   1.03     334.0
17:37:12  INFO    → peak=32.0 [27.8, 36.7] | sig | LOO=-10459.0 | Pareto-k>0.7: 6 (0.4%) | linear=N
17:37:12  WARNING    !! Pareto-k>0.7: 6 (0.4%) — base CU mean_spin_rate
17:37:12  INFO  [23/60] base | CU | mean_pfx_x | n=1726
17:38:29  WARNING    Rhat diagnostic (quadratic): 3 params with Rhat>1.01
                  mean     sd  r_hat  ess_bulk
age_c           -0.006  0.006   1.04      90.0
1|pitcher_sigma  0.758  0.031   1.02     127.0
1|year_sigma     0.063  0.021   1.02     256.0
17:38:29  INFO    age_c_sq HDI spans zero [-0.0000, 0.0009] — trying linear
17:39:16  WARNING    Rhat diagnostic (linear fallback): 1 params with Rhat>1.01
                  mean    sd  r_hat  ess_bulk
1|pitcher_sigma  0.753  0.03   1.07      47.0
17:39:25  INFO    Quadratic retained (LOO diff=-0.8 ≤ 4 threshold)
17:39:35  INFO    → monotonic | not sig | LOO=746.5 | Pareto-k>0.7: 12 (0.7%) | linear=N
17:39:35  WARNING    !! Pareto-k>0.7: 12 (0.7%) — base CU mean_pfx_x
17:39:35  INFO  [24/60] base | CU | mean_pfx_x_norm | n=1726
17:39:54  INFO    Screen: not significant — skipping full fit
17:39:54  INFO  [24/60] SKIP (screen: not sig) base CU mean_pfx_x_norm
17:39:54  INFO  [25/60] base | CU | mean_pfx_z | n=1726
17:40:11  INFO    Screen: not significant — skipping full fit
17:40:11  INFO  [25/60] SKIP (screen: not sig) base CU mean_pfx_z
17:40:11  INFO  [26/60] base | FC | mean_velo | n=1226
17:40:59  INFO    Rhat diagnostic (quadratic): all params OK (≤1.01)
17:41:04  INFO    → peak=26.9 [22.6, 30.0] | sig | LOO=-2015.2 | Pareto-k>0.7: 1 (0.1%) | linear=N
17:41:04  WARNING    !! Pareto-k>0.7: 1 (0.1%) — base FC mean_velo
17:41:04  INFO  [27/60] base | FC | mean_spin_rate | n=1226
17:41:48  INFO    Rhat diagnostic (quadratic): all params OK (≤1.01)
17:41:54  INFO    → peak=28.7 [20.7, 34.7] | sig | LOO=-7038.8 | Pareto-k>0.7: 2 (0.2%) | linear=N
17:41:54  WARNING    !! Pareto-k>0.7: 2 (0.2%) — base FC mean_spin_rate
17:41:54  INFO  [28/60] base | FC | mean_pfx_x | n=1226
17:42:07  INFO    Screen: not significant — skipping full fit
17:42:07  INFO  [28/60] SKIP (screen: not sig) base FC mean_pfx_x
17:42:07  INFO  [29/60] base | FC | mean_pfx_x_norm | n=1226
17:42:55  INFO    Rhat diagnostic (quadratic): all params OK (≤1.01)
17:42:55  INFO    age_c_sq HDI spans zero [-0.0008, 0.0001] — trying linear
17:43:27  INFO    Rhat diagnostic (linear fallback): all params OK (≤1.01)
17:43:31  INFO    Quadratic retained (LOO diff=-0.2 ≤ 4 threshold)
17:43:37  INFO    → peak=23.0 [15.8, 28.0] | sig | LOO=725.0 | Pareto-k>0.7: 0 (0.0%) | linear=N
17:43:37  INFO  [30/60] base | FC | mean_pfx_z | n=1226
17:44:28  INFO    Rhat diagnostic (quadratic): all params OK (≤1.01)
17:44:28  INFO    age_c_sq HDI spans zero [-0.0010, 0.0001] — trying linear
17:45:02  INFO    Rhat diagnostic (linear fallback): all params OK (≤1.01)
17:45:06  INFO    Quadratic retained (LOO diff=0.7 ≤ 4 threshold)
17:45:11  INFO    → peak=41.5 [35.9, 49.5] | sig | LOO=489.2 | Pareto-k>0.7: 1 (0.1%) | linear=N
17:45:11  WARNING    !! Pareto-k>0.7: 1 (0.1%) — base FC mean_pfx_z
17:45:11  INFO  ==================================================  with_ext
17:45:11  INFO  [31/60] with_ext | FF | mean_velo | n=4857
17:48:41  INFO    Rhat diagnostic (quadratic): all params OK (≤1.01)
17:49:03  INFO    → peak=21.4 [19.3, 23.4] | sig | LOO=-6950.7 | Pareto-k>0.7: 3 (0.1%) | linear=N
17:49:03  WARNING    !! Pareto-k>0.7: 3 (0.1%) — with_ext FF mean_velo
17:49:03  INFO  [32/60] with_ext | FF | mean_spin_rate | n=4857
17:51:00  INFO    Rhat diagnostic (quadratic): all params OK (≤1.01)
17:51:22  INFO    → peak=29.9 [28.5, 31.6] | sig | LOO=-27380.5 | Pareto-k>0.7: 0 (0.0%) | linear=N
17:51:22  INFO  [33/60] with_ext | FF | mean_pfx_x | n=4857
17:54:59  INFO    Rhat diagnostic (quadratic): all params OK (≤1.01)
17:54:59  INFO    age_c_sq HDI spans zero [-0.0002, 0.0004] — trying linear
17:57:15  WARNING    Rhat diagnostic (linear fallback): 2 params with Rhat>1.01
                  mean     sd  r_hat  ess_bulk
age_c           -0.007  0.003   1.02     144.0
1|pitcher_sigma  0.616  0.014   1.02     145.0
17:57:33  INFO    Quadratic retained (LOO diff=-0.8 ≤ 4 threshold)
17:57:56  INFO    → monotonic | sig | LOO=2767.6 | Pareto-k>0.7: 10 (0.2%) | linear=N
17:57:56  WARNING    !! Pareto-k>0.7: 10 (0.2%) — with_ext FF mean_pfx_x
17:57:56  INFO  [34/60] with_ext | FF | mean_pfx_x_norm | n=4857
17:58:55  INFO    Screen: not significant — skipping full fit
17:58:55  INFO  [34/60] SKIP (screen: not sig) with_ext FF mean_pfx_x_norm
17:58:55  INFO  [35/60] with_ext | FF | mean_pfx_z | n=4857
18:02:41  INFO    Rhat diagnostic (quadratic): all params OK (≤1.01)
18:03:03  INFO    → peak=29.2 [21.3, 36.0] | sig | LOO=4536.8 | Pareto-k>0.7: 1 (0.0%) | linear=N
18:03:03  WARNING    !! Pareto-k>0.7: 1 (0.0%) — with_ext FF mean_pfx_z
18:03:03  INFO  [36/60] with_ext | SL | mean_velo | n=3196
18:04:35  INFO    Rhat diagnostic (quadratic): all params OK (≤1.01)
18:04:49  INFO    → peak=25.6 [23.3, 27.4] | sig | LOO=-5704.8 | Pareto-k>0.7: 0 (0.0%) | linear=N
18:04:49  INFO  [37/60] with_ext | SL | mean_spin_rate | n=3196
18:08:47  INFO    Rhat diagnostic (quadratic): all params OK (≤1.01)
18:09:02  INFO    → peak=30.6 [28.0, 33.3] | sig | LOO=-19276.6 | Pareto-k>0.7: 1 (0.0%) | linear=N
18:09:02  WARNING    !! Pareto-k>0.7: 1 (0.0%) — with_ext SL mean_spin_rate
18:09:02  INFO  [38/60] with_ext | SL | mean_pfx_x | n=3196
18:12:08  INFO    Rhat diagnostic (quadratic): all params OK (≤1.01)
18:12:24  INFO    → monotonic | sig | LOO=1624.1 | Pareto-k>0.7: 17 (0.5%) | linear=N
18:12:24  WARNING    !! Pareto-k>0.7: 17 (0.5%) — with_ext SL mean_pfx_x
18:12:24  INFO  [39/60] with_ext | SL | mean_pfx_x_norm | n=3196
18:13:09  INFO    Screen: not significant — skipping full fit
18:13:09  INFO  [39/60] SKIP (screen: not sig) with_ext SL mean_pfx_x_norm
18:13:09  INFO  [40/60] with_ext | SL | mean_pfx_z | n=3196
18:15:20  INFO    Rhat diagnostic (quadratic): all params OK (≤1.01)
18:15:20  INFO    age_c_sq HDI spans zero [-0.0002, 0.0006] — trying linear
18:16:59  INFO    Rhat diagnostic (linear fallback): all params OK (≤1.01)
18:17:09  INFO    Quadratic retained (LOO diff=-1.1 ≤ 4 threshold)
18:17:24  INFO    → monotonic | sig | LOO=960.9 | Pareto-k>0.7: 0 (0.0%) | linear=N
18:17:24  INFO  [41/60] with_ext | SI | mean_velo | n=2898
18:19:29  INFO    Rhat diagnostic (quadratic): all params OK (≤1.01)
18:19:43  INFO    → peak=18.7 [15.0, 21.4] | sig | LOO=-4113.0 | Pareto-k>0.7: 2 (0.1%) | linear=N
18:19:43  WARNING    !! Pareto-k>0.7: 2 (0.1%) — with_ext SI mean_velo
18:19:43  INFO  [42/60] with_ext | SI | mean_spin_rate | n=2898
18:21:03  INFO    Rhat diagnostic (quadratic): all params OK (≤1.01)
18:21:17  INFO    → peak=30.1 [27.4, 32.4] | sig | LOO=-16264.2 | Pareto-k>0.7: 2 (0.1%) | linear=N
18:21:17  WARNING    !! Pareto-k>0.7: 2 (0.1%) — with_ext SI mean_spin_rate
18:21:17  INFO  [43/60] with_ext | SI | mean_pfx_x | n=2898
18:24:00  WARNING    Rhat diagnostic (quadratic): 2 params with Rhat>1.01
                  mean     sd  r_hat  ess_bulk
age_c           -0.006  0.005   1.03      88.0
1|pitcher_sigma  1.105  0.033   1.14      25.0
18:24:00  INFO    age_c_sq HDI spans zero [-0.0004, 0.0001] — trying linear
18:26:11  WARNING    Rhat diagnostic (linear fallback): 2 params with Rhat>1.01
                  mean     sd  r_hat  ess_bulk
age_c           -0.007  0.004   1.06      62.0
1|pitcher_sigma  1.111  0.035   1.14      28.0
18:26:32  INFO    Quadratic retained (LOO diff=0.1 ≤ 4 threshold)
18:26:55  INFO    → peak=22.2 [15.0, 37.8] | not sig | LOO=2606.4 | Pareto-k>0.7: 20 (0.7%) | linear=N
18:26:55  WARNING    !! Pareto-k>0.7: 20 (0.7%) — with_ext SI mean_pfx_x
18:26:55  INFO  [44/60] with_ext | SI | mean_pfx_x_norm | n=2898
18:27:37  INFO    Screen: not significant — skipping full fit
18:27:37  INFO  [44/60] SKIP (screen: not sig) with_ext SI mean_pfx_x_norm
18:27:37  INFO  [45/60] with_ext | SI | mean_pfx_z | n=2898
18:30:20  INFO    Rhat diagnostic (quadratic): all params OK (≤1.01)
18:30:34  INFO    → peak=29.7 [23.4, 35.3] | sig | LOO=1797.5 | Pareto-k>0.7: 2 (0.1%) | linear=N
18:30:34  WARNING    !! Pareto-k>0.7: 2 (0.1%) — with_ext SI mean_pfx_z
18:30:34  INFO  [46/60] with_ext | CH | mean_velo | n=2520
18:32:21  WARNING    Rhat diagnostic (quadratic): 2 params with Rhat>1.01
               mean     sd  r_hat  ess_bulk
age_c        -0.055  0.042   1.03      74.0
1|year_sigma  0.280  0.171   1.04      69.0
18:32:33  INFO    → peak=27.4 [25.1, 29.3] | sig | LOO=-4184.9 | Pareto-k>0.7: 5 (0.2%) | linear=N
18:32:33  WARNING    !! Pareto-k>0.7: 5 (0.2%) — with_ext CH mean_velo
18:32:33  INFO  [47/60] with_ext | CH | mean_spin_rate | n=2520
18:33:43  INFO    Rhat diagnostic (quadratic): all params OK (≤1.01)
18:33:54  INFO    → peak=26.3 [22.0, 29.3] | sig | LOO=-15160.6 | Pareto-k>0.7: 3 (0.1%) | linear=N
18:33:54  WARNING    !! Pareto-k>0.7: 3 (0.1%) — with_ext CH mean_spin_rate
18:33:54  INFO  [48/60] with_ext | CH | mean_pfx_x | n=2520
18:36:37  INFO    Screen: not significant — skipping full fit
18:36:37  INFO  [48/60] SKIP (screen: not sig) with_ext CH mean_pfx_x
18:36:37  INFO  [49/60] with_ext | CH | mean_pfx_x_norm | n=2520
18:38:15  INFO    Rhat diagnostic (quadratic): all params OK (≤1.01)
18:38:27  INFO    → monotonic | sig | LOO=1630.2 | Pareto-k>0.7: 3 (0.1%) | linear=N
18:38:27  WARNING    !! Pareto-k>0.7: 3 (0.1%) — with_ext CH mean_pfx_x_norm
18:38:27  INFO  [50/60] with_ext | CH | mean_pfx_z | n=2520
18:40:55  WARNING    Rhat diagnostic (quadratic): 1 params with Rhat>1.01
        mean     sd  r_hat  ess_bulk
age_c -0.005  0.003   1.02     386.0
18:41:07  INFO    → monotonic | sig | LOO=1212.2 | Pareto-k>0.7: 2 (0.1%) | linear=N
18:41:07  WARNING    !! Pareto-k>0.7: 2 (0.1%) — with_ext CH mean_pfx_z
18:41:07  INFO  [51/60] with_ext | CU | mean_velo | n=1726
18:42:19  INFO    Rhat diagnostic (quadratic): all params OK (≤1.01)
18:42:27  INFO    → peak=26.7 [24.2, 28.6] | sig | LOO=-2989.3 | Pareto-k>0.7: 2 (0.1%) | linear=N
18:42:27  WARNING    !! Pareto-k>0.7: 2 (0.1%) — with_ext CU mean_velo
18:42:27  INFO  [52/60] with_ext | CU | mean_spin_rate | n=1726
18:43:52  WARNING    Rhat diagnostic (quadratic): 1 params with Rhat>1.01
        mean    sd  r_hat  ess_bulk
age_c  4.283  3.03   1.03     214.0
18:44:00  INFO    → peak=32.0 [27.3, 36.9] | sig | LOO=-10458.9 | Pareto-k>0.7: 6 (0.4%) | linear=N
18:44:00  WARNING    !! Pareto-k>0.7: 6 (0.4%) — with_ext CU mean_spin_rate
18:44:00  INFO  [53/60] with_ext | CU | mean_pfx_x | n=1726
18:45:26  WARNING    Rhat diagnostic (quadratic): 3 params with Rhat>1.01
                  mean     sd  r_hat  ess_bulk
age_c           -0.008  0.006   1.04     107.0
1|pitcher_sigma  0.757  0.030   1.04     108.0
1|year_sigma     0.063  0.023   1.02     367.0
18:45:26  INFO    age_c_sq HDI spans zero [-0.0000, 0.0009] — trying linear
18:46:30  WARNING    Rhat diagnostic (linear fallback): 2 params with Rhat>1.01
                  mean     sd  r_hat  ess_bulk
age_c           -0.006  0.006   1.04     128.0
1|pitcher_sigma  0.754  0.030   1.06      72.0
18:46:39  INFO    Quadratic retained (LOO diff=-1.7 ≤ 4 threshold)
18:46:49  INFO    → monotonic | not sig | LOO=746.9 | Pareto-k>0.7: 12 (0.7%) | linear=N
18:46:49  WARNING    !! Pareto-k>0.7: 12 (0.7%) — with_ext CU mean_pfx_x
18:46:49  INFO  [54/60] with_ext | CU | mean_pfx_x_norm | n=1726
18:48:13  INFO    Rhat diagnostic (quadratic): all params OK (≤1.01)
18:48:13  INFO    age_c_sq HDI spans zero [-0.0004, 0.0005] — trying linear
18:49:08  INFO    Rhat diagnostic (linear fallback): all params OK (≤1.01)
18:49:14  INFO    Quadratic retained (LOO diff=3.2 ≤ 4 threshold)
18:49:23  INFO    → monotonic | not sig | LOO=680.9 | Pareto-k>0.7: 3 (0.2%) | linear=N
18:49:23  WARNING    !! Pareto-k>0.7: 3 (0.2%) — with_ext CU mean_pfx_x_norm
18:49:23  INFO  [55/60] with_ext | CU | mean_pfx_z | n=1726
18:49:48  INFO    Screen: not significant — skipping full fit
18:49:48  INFO  [55/60] SKIP (screen: not sig) with_ext CU mean_pfx_z
18:49:48  INFO  [56/60] with_ext | FC | mean_velo | n=1226
18:50:48  INFO    Rhat diagnostic (quadratic): all params OK (≤1.01)
18:50:53  INFO    → peak=26.1 [21.6, 29.2] | sig | LOO=-2006.9 | Pareto-k>0.7: 0 (0.0%) | linear=N
18:50:53  INFO  [57/60] with_ext | FC | mean_spin_rate | n=1226
18:51:47  INFO    Rhat diagnostic (quadratic): all params OK (≤1.01)
18:51:53  INFO    → peak=29.0 [21.3, 35.7] | sig | LOO=-7038.1 | Pareto-k>0.7: 0 (0.0%) | linear=N
18:51:53  INFO  [58/60] with_ext | FC | mean_pfx_x | n=1226
18:52:11  INFO    Screen: not significant — skipping full fit
18:52:11  INFO  [58/60] SKIP (screen: not sig) with_ext FC mean_pfx_x
18:52:11  INFO  [59/60] with_ext | FC | mean_pfx_x_norm | n=1226
18:53:10  INFO    Rhat diagnostic (quadratic): all params OK (≤1.01)
18:53:10  INFO    age_c_sq HDI spans zero [-0.0008, 0.0002] — trying linear
18:53:49  INFO    Rhat diagnostic (linear fallback): all params OK (≤1.01)
18:53:53  INFO    Quadratic retained (LOO diff=0.8 ≤ 4 threshold)
18:53:59  INFO    → peak=22.5 [15.4, 27.6] | sig | LOO=726.3 | Pareto-k>0.7: 0 (0.0%) | linear=N
18:53:59  INFO  [60/60] with_ext | FC | mean_pfx_z | n=1226
18:55:03  INFO    Rhat diagnostic (quadratic): all params OK (≤1.01)
18:55:03  INFO    age_c_sq HDI spans zero [-0.0010, 0.0001] — trying linear
18:55:46  INFO    Rhat diagnostic (linear fallback): all params OK (≤1.01)
18:55:49  INFO    Quadratic retained (LOO diff=-0.5 ≤ 4 threshold)
18:55:55  INFO    → peak=41.5 [35.7, 49.6] | sig | LOO=491.0 | Pareto-k>0.7: 0 (0.0%) | linear=N
18:55:55  INFO  
Saved 47 models → model_results.csv
18:56:42  INFO  Saved fitted_idatas.pkl
18:56:43  INFO  
==================================================
18:56:43  INFO  Summary: base — 22/23 significant
18:56:43  INFO  
pitch_type         outcome  peak_age_median   b1_mean   b2_mean  significant  is_linear_model           loo
        FF       mean_velo           21.284 -0.176808 -0.011645         True            False  -6958.124930
        FF  mean_spin_rate           29.993  1.240484 -0.568211         True            False -27379.320850
        FF      mean_pfx_x              NaN -0.007387  0.000104         True            False   2763.283333
        FF      mean_pfx_z           29.213  0.000122 -0.000231         True            False   4539.567028
        SL       mean_velo           25.792 -0.081200 -0.013063         True            False  -5714.582778
        SL  mean_spin_rate           31.405  3.276119 -0.665344         True            False -19284.160630
        SL      mean_pfx_x              NaN -0.003322  0.000408         True            False   1639.784168
        SL      mean_pfx_z              NaN  0.008848       NaN         True             True    940.598883
        SI       mean_velo           18.372 -0.206339 -0.009524         True            False  -4120.451795
        SI  mean_spin_rate           30.114  1.038339 -0.440562         True            False -16263.773821
        SI      mean_pfx_z           29.334  0.000555 -0.000633         True            False   1797.521272
        CH       mean_velo           26.465 -0.083605 -0.017679         True            False  -4187.710848
        CH  mean_spin_rate           25.837 -3.148932 -0.504436         True            False -15161.456108
        CH      mean_pfx_x              NaN -0.012107  0.000480         True            False   1795.077375
        CH mean_pfx_x_norm              NaN -0.000258  0.000632         True            False   1627.535279
        CH      mean_pfx_z              NaN -0.005728  0.000431         True            False   1211.857539
        CU       mean_velo           26.648 -0.075844 -0.016464         True            False  -2990.196413
        CU  mean_spin_rate           32.014  4.355808 -0.707309         True            False -10458.961214
        FC       mean_velo           26.872 -0.039022 -0.009707         True            False  -2015.174975
        FC  mean_spin_rate           28.698 -0.273622 -0.383242         True            False  -7038.815962
        FC mean_pfx_x_norm           23.031 -0.005738 -0.000342         True            False    725.039252
        FC      mean_pfx_z           41.510  0.014444 -0.000459         True            False    489.216776
18:56:43  INFO  Not significant: [('CU', 'mean_pfx_x')]
18:56:43  INFO  
==================================================
18:56:43  INFO  Summary: with_ext — 21/24 significant
18:56:43  INFO  
pitch_type         outcome  peak_age_median   b1_mean   b2_mean  significant  is_linear_model           loo
        FF       mean_velo           21.436 -0.170756 -0.011457         True            False  -6950.745585
        FF  mean_spin_rate           29.935  1.162736 -0.570678         True            False -27380.450721
        FF      mean_pfx_x              NaN -0.007587  0.000113         True            False   2767.555230
        FF      mean_pfx_z           29.167  0.000134 -0.000232         True            False   4536.798074
        SL       mean_velo           25.593 -0.083895 -0.012659         True            False  -5704.808743
        SL  mean_spin_rate           30.563  2.406910 -0.714829         True            False -19276.597394
        SL      mean_pfx_x              NaN -0.002709  0.000390         True            False   1624.110195
        SL      mean_pfx_z              NaN  0.009312  0.000204         True            False    960.910940
        SI       mean_velo           18.714 -0.196550 -0.009479         True            False  -4113.022938
        SI  mean_spin_rate           30.061  0.988896 -0.439230         True            False -16264.229527
        SI      mean_pfx_z           29.666  0.001014 -0.000622         True            False   1797.487315
        CH       mean_velo           27.414 -0.054978 -0.017670         True            False  -4184.905678
        CH  mean_spin_rate           26.277 -2.785444 -0.523913         True            False -15160.617668
        CH mean_pfx_x_norm              NaN  0.000225  0.000640         True            False   1630.186772
        CH      mean_pfx_z              NaN -0.005491  0.000440         True            False   1212.152372
        CU       mean_velo           26.698 -0.075155 -0.016668         True            False  -2989.292265
        CU  mean_spin_rate           31.966  4.283108 -0.700307         True            False -10458.867234
        FC       mean_velo           26.146 -0.052240 -0.009482         True            False  -2006.863498
        FC  mean_spin_rate           28.960 -0.044244 -0.394441         True            False  -7038.136385
        FC mean_pfx_x_norm           22.530 -0.006326 -0.000326         True            False    726.284057
        FC      mean_pfx_z           41.484  0.014082 -0.000448         True            False    491.026858
18:56:43  INFO  Not significant: [('SI', 'mean_pfx_x'), ('CU', 'mean_pfx_x'), ('CU', 'mean_pfx_x_norm')]
18:56:43  INFO  
LOO delta >2 (positive = ext improves):
experiment                      delta
pitch_type outcome                   
CH         mean_pfx_x_norm   2.651494
           mean_velo         2.805171
FC         mean_velo         8.311477
FF         mean_pfx_x        4.271896
           mean_pfx_z       -2.768953
           mean_velo         7.379344
SI         mean_velo         7.428857
SL         mean_pfx_x      -15.673973
           mean_pfx_z       20.312058
           mean_spin_rate    7.563236
           mean_velo         9.774035
18:56:43  INFO  
==================================================
18:56:43  INFO  Pareto k > 0.7 summary: 197 total bad obs across 35 models
18:56:43  INFO  
experiment pitch_type         outcome  n_high_pareto_k  pct_high_pareto_k  n_obs
      base         CH      mean_pfx_x               21             0.0083   2520
      base         SL      mean_pfx_x               20             0.0063   3196
  with_ext         SI      mean_pfx_x               20             0.0069   2898
  with_ext         SL      mean_pfx_x               17             0.0053   3196
      base         FF      mean_pfx_x               16             0.0033   4857
  with_ext         CU      mean_pfx_x               12             0.0070   1726
      base         CU      mean_pfx_x               12             0.0070   1726
  with_ext         FF      mean_pfx_x               10             0.0021   4857
  with_ext         CU  mean_spin_rate                6             0.0035   1726
      base         CU  mean_spin_rate                6             0.0035   1726
  with_ext         CH       mean_velo                5             0.0020   2520
      base         CH  mean_spin_rate                5             0.0020   2520
      base         FF       mean_velo                4             0.0008   4857
  with_ext         CH mean_pfx_x_norm                3             0.0012   2520
  with_ext         CH  mean_spin_rate                3             0.0012   2520
  with_ext         FF       mean_velo                3             0.0006   4857
  with_ext         CU mean_pfx_x_norm                3             0.0017   1726
      base         CH       mean_velo                3             0.0012   2520
      base         FC  mean_spin_rate                2             0.0016   1226
  with_ext         CU       mean_velo                2             0.0012   1726
  with_ext         CH      mean_pfx_z                2             0.0008   2520
      base         SI       mean_velo                2             0.0007   2898
      base         SI  mean_spin_rate                2             0.0007   2898
      base         SI      mean_pfx_z                2             0.0007   2898
  with_ext         SI      mean_pfx_z                2             0.0007   2898
  with_ext         SI  mean_spin_rate                2             0.0007   2898
  with_ext         SI       mean_velo                2             0.0007   2898
      base         CH      mean_pfx_z                2             0.0008   2520
      base         CU       mean_velo                2             0.0012   1726
      base         FC       mean_velo                1             0.0008   1226
  with_ext         SL  mean_spin_rate                1             0.0003   3196
  with_ext         FF      mean_pfx_z                1             0.0002   4857
      base         SL  mean_spin_rate                1             0.0003   3196
      base         FF      mean_pfx_z                1             0.0002   4857
      base         FC      mean_pfx_z                1             0.0008   1226
18:57:02  INFO  Saved plots → /Users/ethanwong/mlb-pitch-aging/plots
18:57:02  INFO  Total runtime: 128.0 minutes
